yum update -y


hostnamectl set-hostname chani


Consultar verificar grupos de pqts disponibles:

[mcampos@localhost ~]$ sudo yum group
Complementos cargados:fastestmirror
No existe un archivo de grupos instalados.
Maybe run: yum groups mark convert (see man yum)
Loading mirror speeds from cached hostfile
 * base: mirror.orbyta.com
 * centosplus: mirror.orbyta.com
 * elrepo: reflector.westga.edu
 * epel: epel.gtdinternet.com
 * extras: mirror.orbyta.com
 * remi-safe: mirrors.mediatemple.net
 * rpmfusion-free-tainted: mirror.us.leaseweb.net
 * rpmfusion-free-updates: mirror.math.princeton.edu
 * rpmfusion-nonfree-tainted: mirror.us.leaseweb.net
 * rpmfusion-nonfree-updates: mirror.math.princeton.edu
 * updates: mirror.orbyta.com
Grupos de Entorno Disponibles: 12
Grupos disponibles: 18
Listo
[mcampos@localhost ~]$


Listar los grupos disponibles:

sudo yum group list

Listar todos los grupos incluyendo los ocultos

sudo yum group list hidden




[mcampos@localhost ~]$ sudo yum group info 'Sistema X Window'
[sudo] password for mcampos: 
Complementos cargados:fastestmirror
No existe un archivo de grupos instalados.
Maybe run: yum groups mark convert (see man yum)
Loading mirror speeds from cached hostfile
 * base: mirror.globo.com
 * centosplus: mirror.ci.ifes.edu.br
 * epel: epel.gtdinternet.com
 * extras: mirror.gtdinternet.com
 * rpmfusion-free-updates: mirrors.lug.mtu.edu
 * rpmfusion-nonfree-updates: mirrors.lug.mtu.edu
 * updates: mirror.facom.ufms.br

Grupo: Sistema X Window
 Group-Id: x11
 DescripciÃ³n: Soporte para sistema X Window.
 Paquetes obligatorios:
   +glx-utils
   +initial-setup-gui
   +mesa-dri-drivers
   +plymouth-system-theme
   +spice-vdagent
   +xorg-x11-drivers
   +xorg-x11-server-Xorg
   +xorg-x11-utils
   +xorg-x11-xauth
   +xorg-x11-xinit
   +xvattr
 Paquetes opcionales:
   tigervnc-server
   xorg-x11-drv-keyboard
   xorg-x11-drv-libinput
   xorg-x11-drv-mouse
   xorg-x11-drv-openchrome
[mcampos@localhost ~]$ 




Instalar Sistema X Window:


###Nota desde fedora y Openbox
sudo yum install mesa-libEGL -y

#####
  Instalando    : gtk2-2.24.31-1.el7.x86_64                                                                                                   208/279 
gtk-query-immodules-2.0-64: error while loading shared libraries: libEGL.so.1: cannot open shared object file: No such file or directory
warning: %post(gtk2-2.24.31-1.el7.x86_64) scriptlet failed, exit status 127
Non-fatal POSTIN scriptlet failure in rpm package gtk2-2.24.31-1.el7.x86_64
  Instalando    : xorg-x11-server-Xorg-1.19.5-5.el7.x86_64                                                                                    209/279 
  Instalando    : kmod-nvidia-340xx-340.107-1.el7_5.elrepo.x86_64                                                                             210/279 
Working. This may take some time ...
Done.
  Instalando    : nvidia-x11-drv-340xx-340.107-1.el7.elrepo.x86_64   
#####



sudo yum groupinstall -y 'Sistema X Window'







##################
Con Login Grafico: Instalar Display Manager

sudo yum -y install lightdm lightdm-gtk

sudo systemctl enable lightdm.service

sudo yum install -y tint2 gnome-terminal terminus-fonts-console terminus-fonts network-manager-applet gnome-keyring dejavu-sans-fonts dejavu-fonts-common dejavu-serif-fonts dejavu-sans-mono-fonts open-sans-fonts overpass-fonts liberation-mono-fonts liberation-serif-fonts google-crosextra-caladea-fonts google-crosextra-carlito-fonts 


su -

echo 'tint2 &' >> /etc/xdg/openbox/autostart

echo 'nm-applet &' >> /etc/xdg/openbox/autostart


ls -l /etc/systemd/system/default.target
lrwxrwxrwx. 1 root root 37 jun 18 12:59 /etc/systemd/system/default.target -> /lib/systemd/system/multi-user.target



unlink /etc/systemd/system/default.target

ln -sf /lib/systemd/system/graphical.target /etc/systemd/system/default.target

reboot

o

systemctl reboot


MEMORY con LIGHTDM:

[mcampos@chani ~]$ free -h
              total        used        free      shared  buff/cache   available
Mem:           5,5G        186M        5,1G         33M        247M        5,0G
Swap:          1,3G          0B        1,3G
[mcampos@chani ~]$ 



Cambiar Display Manager a GDM

sudo yum install gdm

systemctl stop display-manager
systemctl disable lightdm.service
systemctl enable gdm.service
systemctl start display-manager



MEMORY con GDM:

[mcampos@chani ~]$ free -h
              total        used        free      shared  buff/cache   available
Mem:           5,5G        312M        4,9G         46M        299M        4,9G
Swap:          1,3G          0B        1,3G
[mcampos@chani ~]$

- Dif Mem 125 MB aprox. -

#############
Controlador de VirtualBox

sudo yum install -y bzip2 gcc make perl kernel-devel

Insertar cd gues Addi...

[mcampos@localhost ~]$ cat /proc/partitions
major minor  #blocks  name

   8        0   52428800 sda
   8        1    1048576 sda1
   8        2   49281024 sda2
   8        3    2098176 sda3
  11        0      56618 sr0
[mcampos@localhost ~]$ 


[mcampos@localhost ~]$ sudo mount -tauto /dev/sr0 /mnt
mount: /dev/sr0 is write-protected, mounting read-only
[mcampos@localhost ~]$ 


su -

cd /mnt

sudo ./VBoxLinuxAdditions.run


[mcampos@localhost mnt]$ sudo ./VBoxLinuxAdditions.run
Verifying archive integrity... All good.
Uncompressing VirtualBox 5.2.12 Guest Additions for Linux........
VirtualBox Guest Additions installer
Copying additional installer modules ...
Installing additional modules ...
VirtualBox Guest Additions: Building the VirtualBox Guest Additions kernel modules.
VirtualBox Guest Additions: Starting.
[mcampos@localhost mnt]$ 


reboot y enjoy

##################

Snapshot "Post Openbox"

##################




Ref:
https://arrfab.net/posts/2018/Jan/02/lightweigth-centos-7-i686-desktop-on-older-machine/
https://www.centos.org/forums/viewtopic.php?f=47&t=47088&start=10
-----
https://fedoramagazine.org/openbox-fedora/
https://dokuwiki.tachtler.net/doku.php?id=tachtler:centos_7_-_minimal_desktop_installation
-----
https://www.comoinstalarlinux.com/como-instalar-openbox-en-arch-linux-y-personalizarlo/2/
http://fraterneo.blogspot.cl/2013/08/como-instalar-openbox-en-fedora.html
http://srobb.net/minimaldesktop.html



