Realizar instalación limpia,básica:

- Utilidades estandar
- Servidor SSH

En el primer booteo:

Configurar sources.list con el siguiente contenido:

nano /etc/apt/sources.list

deb http://security.debian.org/ squeeze/updates main contrib non-free
deb-src http://security.debian.org/ squeeze/updates main contrib non-free

deb http://ftp.cl.debian.org/debian squeeze main contrib non-free
deb-src http://ftp.cl.debian.org/debian squeeze main contrib non-free

Ejecutar apt-get update

root@crn-xen:~# apt-get update

Ahora actulización masiva:

apt-get upgrade

root@crn-xen:~# apt-get upgrade
Leyendo lista de paquetes... Hecho
Creando árbol de dependencias       
Leyendo la información de estado... Hecho
Se actualizarán los siguientes paquetes:
  acpid aptitude at base-files bind9-host debian-archive-keyring dnsutils dpkg exim4 exim4-base exim4-config exim4-daemon-light file gnupg gpgv grep grub-common grub-pc gzip
  host initscripts isc-dhcp-client isc-dhcp-common libbind9-60 libbz2-1.0 libc-bin libc6 libc6-i386 libdns69 libexpat1 libfreetype6 libgc1c2 libgcrypt11 libgnutls26
  libgssapi-krb5-2 libgssrpc4 libisc62 libisccc60 libisccfg62 libk5crypto3 libkadm5clnt-mit7 libkadm5srv-mit7 libkdb5-4 libkrb5-3 libkrb5support0 libldap-2.4-2 liblwres60
  libmagic1 libpam-modules libpam-runtime libpam0g libssl0.9.8 libtasn1-3 libx11-6 libx11-data libxcb1 libxext6 libxml2 linux-base linux-image-2.6.32-5-amd64 locales
  module-init-tools mutt nfs-common openssh-client openssh-server perl perl-base perl-modules procps python python-minimal sysv-rc sysvinit sysvinit-utils tzdata usbutils
77 actualizados, 0 se instalarán, 0 para eliminar y 0 no actualizados.
Necesito descargar 80,0 MB de archivos.
Se utilizarán 4024 kB de espacio de disco adicional después de esta operación.
¿Desea continuar [S/n]? 


root@crn-xen:~# apt-get install firmware-linux-nonfree ifenslave ethtool
Leyendo lista de paquetes... Hecho
Creando árbol de dependencias       
Leyendo la información de estado... Hecho
Nota, seleccionando «ifenslave-2.6» en lugar de «ifenslave»
Se instalarán los siguientes paquetes NUEVOS:
  ethtool firmware-linux-nonfree ifenslave-2.6
0 actualizados, 3 se instalarán, 0 para eliminar y 0 no actualizados.
Necesito descargar 407 kB de archivos.
Se utilizarán 1343 kB de espacio de disco adicional después de esta operación.
Des:1 http://ftp.cl.debian.org/debian/ squeeze/main ethtool amd64 1:2.6.34-3 [76,2 kB]
Des:2 http://ftp.cl.debian.org/debian/ squeeze/non-free firmware-linux-nonfree all 0.28+squeeze1 [312 kB]
Des:3 http://ftp.cl.debian.org/debian/ squeeze/main ifenslave-2.6 amd64 1.1.0-17 [18,4 kB]
Descargados 407 kB en 2seg. (183 kB/s) 
Seleccionando el paquete ethtool previamente no seleccionado.
(Leyendo la base de datos ... 21944 ficheros o directorios instalados actualmente.)
Desempaquetando ethtool (de .../ethtool_1%3a2.6.34-3_amd64.deb) ...
Seleccionando el paquete firmware-linux-nonfree previamente no seleccionado.
Desempaquetando firmware-linux-nonfree (de .../firmware-linux-nonfree_0.28+squeeze1_all.deb) ...
Seleccionando el paquete ifenslave-2.6 previamente no seleccionado.
Desempaquetando ifenslave-2.6 (de .../ifenslave-2.6_1.1.0-17_amd64.deb) ...
Procesando disparadores para man-db ...
Configurando ethtool (1:2.6.34-3) ...
Configurando firmware-linux-nonfree (0.28+squeeze1) ...
update-initramfs: deferring update (trigger activated)
Configurando ifenslave-2.6 (1.1.0-17) ...
update-alternatives: utilizando /sbin/ifenslave-2.6 para proveer /sbin/ifenslave (ifenslave) en modo automático.
Procesando disparadores para initramfs-tools ...
update-initramfs: Generating /boot/initrd.img-2.6.32-5-amd64
root@crn-xen:~#

root@crn-xen:~# apt-get install firmware-linux-free
Leyendo lista de paquetes... Hecho
Creando árbol de dependencias       
Leyendo la información de estado... Hecho
Se instalarán los siguientes paquetes NUEVOS:
  firmware-linux-free
0 actualizados, 1 se instalarán, 0 para eliminar y 0 no actualizados.
Necesito descargar 163 kB de archivos.
Se utilizarán 291 kB de espacio de disco adicional después de esta operación.
Des:1 http://security.debian.org/ squeeze/updates/main firmware-linux-free all 2.6.32-48squeeze6 [163 kB]
Descargados 163 kB en 1seg. (115 kB/s)       
Seleccionando el paquete firmware-linux-free previamente no seleccionado.
(Leyendo la base de datos ... 22062 ficheros o directorios instalados actualmente.)
Desempaquetando firmware-linux-free (de .../firmware-linux-free_2.6.32-48squeeze6_all.deb) ...
Configurando firmware-linux-free (2.6.32-48squeeze6) ...
root@crn-xen:~# 



Primer reboot del sistema:


ejecutar egrep '(vmx|svm)' --color=always /proc/cpuinfo
y si aparece vmx en intel o svm en amd y destacado en rojo se puede continuar, de lo contrario "game over"

root@crn-xen:~# egrep '(vmx|svm)' --color=always /proc/cpuinfo
flags		: fpu vme de pse tsc msr pae mce cx8 apic sep mtrr pge mca cmov pat pse36 clflush dts acpi mmx fxsr sse sse2 ss ht tm pbe syscall nx lm constant_tsc arch_perfmon pebs bts rep_good aperfmperf pni dtes64 monitor ds_cpl vmx est tm2 ssse3 cx16 xtpr pdcm sse4_1 xsave lahf_lm tpr_shadow vnmi flexpriority
flags		: fpu vme de pse tsc msr pae mce cx8 apic sep mtrr pge mca cmov pat pse36 clflush dts acpi mmx fxsr sse sse2 ss ht tm pbe syscall nx lm constant_tsc arch_perfmon pebs bts rep_good aperfmperf pni dtes64 monitor ds_cpl vmx est tm2 ssse3 cx16 xtpr pdcm sse4_1 xsave lahf_lm tpr_shadow vnmi flexpriority
flags		: fpu vme de pse tsc msr pae mce cx8 apic sep mtrr pge mca cmov pat pse36 clflush dts acpi mmx fxsr sse sse2 ss ht tm pbe syscall nx lm constant_tsc arch_perfmon pebs bts rep_good aperfmperf pni dtes64 monitor ds_cpl vmx est tm2 ssse3 cx16 xtpr pdcm sse4_1 xsave lahf_lm tpr_shadow vnmi flexpriority
flags		: fpu vme de pse tsc msr pae mce cx8 apic sep mtrr pge mca cmov pat pse36 clflush dts acpi mmx fxsr sse sse2 ss ht tm pbe syscall nx lm constant_tsc arch_perfmon pebs bts rep_good aperfmperf pni dtes64 monitor ds_cpl vmx est tm2 ssse3 cx16 xtpr pdcm sse4_1 xsave lahf_lm tpr_shadow vnmi flexpriority
root@crn-xen:~# 



Bien, la cpu de 4 nucleos lo soporta :)

Verificaciones

root@crn-xen:~# ls -l /boot
total 13312
-rw-r--r-- 1 root root  106193 may 13  2014 config-2.6.32-5-amd64
drwxr-xr-x 3 root root    4096 feb 18 10:28 grub
-rw-r--r-- 1 root root 9418367 feb 18 11:39 initrd.img-2.6.32-5-amd64
-rw-r--r-- 1 root root 1668057 may 13  2014 System.map-2.6.32-5-amd64
-rw-r--r-- 1 root root 2426656 may 13  2014 vmlinuz-2.6.32-5-amd64
root@crn-xen:~# 


OK, ahora actualización masiva SQUEEZE a WHEEZY:


Modificar /etc/apt/sources.list con el siguiente contenido:

deb http://security.debian.org/ wheezy/updates main contrib non-free
deb-src http://security.debian.org/ wheezy/updates main contrib non-free

deb http://ftp.cl.debian.org/debian/ wheezy main contrib non-free
deb-src http://ftp.cl.debian.org/debian/ wheezy main contrib non-free

deb http://ftp.cl.debian.org/debian/ wheezy-updates main contrib non-free
deb-src http://ftp.cl.debian.org/debian/ wheezy-updates main contrib non-free 


Ahora:

apt-get update
apt-get upgrade

root@crn-xen:~# apt-get upgrade
Leyendo lista de paquetes... Hecho
Creando árbol de dependencias       
Leyendo la información de estado... Hecho
Los siguientes paquetes se han retenido:
  apt apt-utils aptitude base-files bash bind9-host bsdmainutils console-setup coreutils dmsetup dnsutils dpkg e2fslibs e2fsprogs exim4 exim4-base exim4-daemon-light file
  gcc-4.4-base gettext-base grub-common grub-pc ifupdown info initramfs-tools initscripts iproute iptables iputils-ping keyboard-configuration klibc-utils less libacl1
  libattr1 libblkid1 libbsd0 libbz2-1.0 libcap2 libcomerr2 libcwidget3 libdevmapper1.02.1 libedit2 libexpat1 libfreetype6 libgcc1 libgcrypt11 libgdbm3 libgnutls26
  libgpg-error0 libgpgme11 libgpm2 libgssapi-krb5-2 libgssglue1 libgssrpc4 libidn11 libk5crypto3 libkeyutils1 libklibc libkrb5-3 libkrb5support0 libldap-2.4-2
  liblocale-gettext-perl liblockfile1 libmagic1 libncurses5 libncursesw5 libnewt0.52 libnfsidmap2 libpam-modules libpam0g libpci3 libpcre3 libpopt0 libreadline5 libreadline6
  librpcsecgss3 libsasl2-2 libselinux1 libsepol1 libsigc++-2.0-0c2a libslang2 libsqlite3-0 libss2 libstdc++6 libtasn1-3 libtext-charwidth-perl libtext-iconv-perl libudev0
  libusb-0.1-4 libuuid-perl libuuid1 libwrap0 libx11-6 libx11-data libxapian22 libxau6 libxcb1 libxdmcp6 libxext6 libxml2 libxmuu1 linux-image-2.6-amd64 man-db
  module-init-tools mount mutt nano ncurses-bin netbase nfs-common openssh-client openssh-server passwd pciutils perl perl-base perl-modules procps psmisc python python-apt
  python-minimal python-reportbug python2.6 python2.6-minimal reportbug rsyslog sgml-base sysvinit tasksel udev usbutils util-linux vim-common vim-tiny w3m wget whiptail
  xkb-data xml-core xz-utils zlib1g
Se actualizarán los siguientes paquetes:
  acpi acpi-support-base acpid adduser apt-listchanges at base-passwd bash-completion bc bsd-mailx bsdutils busybox cpio cron dash dc debconf debconf-i18n
  debian-archive-keyring debian-faq debianutils diffutils discover dmidecode doc-debian eject ethtool exim4-config findutils firmware-linux-free firmware-linux-nonfree ftp
  gnupg gpgv grep groff-base gzip host hostname ifenslave-2.6 insserv install-info installation-report isc-dhcp-client isc-dhcp-common iso-codes kbd libc-bin libc6 libc6-i386
  libdiscover2 libgc1c2 libgeoip1 libnfnetlink0 libpam-runtime linux-base locales login logrotate lsb-base lsof m4 manpages mawk mime-support mlocate ncurses-base
  ncurses-term net-tools netcat-traditional openssh-blacklist patch procmail python-apt-common python-central python-support readline-common sed sensible-utils sysv-rc
  sysvinit-utils tar tasksel-data tcpd texinfo time traceroute tzdata ucf wamerican whois xauth
92 actualizados, 0 se instalarán, 0 para eliminar y 142 no actualizados.
Necesito descargar 39,9 MB de archivos.
Se liberarán 7040 kB después de esta operación.
¿Desea continuar [S/n]? 

Durante la actualización se pide reiniciar servicios sin avisar, aceptar:


Ahora obtener los kernel instalados:

dpkg -l | grep linux-image

root@crn-xen:~# dpkg -l | grep linux-image
ii  linux-image-2.6-amd64               2.6.32+29                     Linux 2.6 for 64-bit PCs (meta-package)
ii  linux-image-2.6.32-5-amd64          2.6.32-48squeeze6             Linux 2.6.32 for 64-bit PCs
root@crn-xen:~#  


Entonces ejecutar apt-get install linux-image-2.6-amd64 que es el meta-paquete:

root@crn-xen:~# apt-get install linux-image-2.6-amd64
Leyendo lista de paquetes... Hecho
Creando árbol de dependencias       
Leyendo la información de estado... Hecho
El paquete indicado a continuación se instaló de forma automática y ya no es necesarios.
  libreadline5
Utilice «apt-get autoremove» para eliminarlos.
Se instalarán los siguientes paquetes extras:
  console-setup console-setup-linux initramfs-tools keyboard-configuration klibc-utils libklibc linux-image-3.2.0-4-amd64 linux-image-amd64
Paquetes sugeridos:
  linux-doc-3.2 debian-kernel-handbook
Los siguientes paquetes se ELIMINARÁN:
  console-terminus
Se instalarán los siguientes paquetes NUEVOS:
  console-setup-linux linux-image-3.2.0-4-amd64 linux-image-amd64
Se actualizarán los siguientes paquetes:
  console-setup initramfs-tools keyboard-configuration klibc-utils libklibc linux-image-2.6-amd64
6 actualizados, 3 se instalarán, 1 para eliminar y 136 no actualizados.
Necesito descargar 25,5 MB de archivos.
Se utilizarán 108 MB de espacio de disco adicional después de esta operación.
¿Desea continuar [S/n]? 


Ahora actualizar el gestor de arranque:

update-grub

root@crn-xen:~# update-grub
Generating grub.cfg ...
Found linux image: /boot/vmlinuz-3.2.0-4-amd64
Found initrd image: /boot/initrd.img-3.2.0-4-amd64
Found linux image: /boot/vmlinuz-2.6.32-5-amd64
Found initrd image: /boot/initrd.img-2.6.32-5-amd64
done
root@crn-xen:~# 


apt-get install udev

root@crn-xen:~# apt-get install udev
Leyendo lista de paquetes... Hecho
Creando árbol de dependencias       
Leyendo la información de estado... Hecho
El paquete indicado a continuación se instaló de forma automática y ya no es necesarios.
  libreadline5
Utilice «apt-get autoremove» para eliminarlos.
Se instalarán los siguientes paquetes extras:
  libudev0 multiarch-support
Se instalarán los siguientes paquetes NUEVOS:
  multiarch-support
Se actualizarán los siguientes paquetes:
  libudev0 udev
2 actualizados, 1 se instalarán, 0 para eliminar y 134 no actualizados.
Necesito descargar 629 kB de archivos.
Se liberarán 703 kB después de esta operación.
¿Desea continuar [S/n]? 


Y ahora la verdadera actualización:

apt-get dist-upgrade

root@crn-xen:~# apt-get dist-upgrade
Leyendo lista de paquetes... Hecho
Creando árbol de dependencias       
Leyendo la información de estado... Hecho
Calculando la actualización... Listo
Los siguientes paquetes se ELIMINARÁN:
  libept1 portmap
Se instalarán los siguientes paquetes NUEVOS:
  aptitude-common gcc-4.7-base grub-pc-bin grub2-common kmod krb5-locales libapt-inst1.5 libapt-pkg4.12 libasprintf0c2 libbind9-80 libboost-iostreams1.49.0 libclass-isa-perl
  libdb5.1 libdns88 libept1.4.12 libevent-2.0-5 libfuse2 libisc84 libisccc80 libisccfg82 libkmod2 liblockfile-bin liblwres80 liblzma5 libmount1 libp11-kit0 libpam-modules-bin
  libpipeline1 libprocps0 libsemanage-common libsemanage1 libssl1.0.0 libswitch-perl libtinfo5 libtirpc1 libtokyocabinet9 libusb-1.0-0 libustr-1.0-1 python-chardet
  python-debian python-debianbts python-fpconst python-soappy python2.7 python2.7-minimal rpcbind
Se actualizarán los siguientes paquetes:
  apt apt-utils aptitude base-files bash bind9-host bsdmainutils coreutils dmsetup dnsutils dpkg e2fslibs e2fsprogs exim4 exim4-base exim4-daemon-light file gcc-4.4-base
  gettext-base grub-common grub-pc ifupdown info initscripts iproute iptables iputils-ping less libacl1 libattr1 libblkid1 libbsd0 libbz2-1.0 libcap2 libcomerr2 libcwidget3
  libdevmapper1.02.1 libedit2 libexpat1 libfreetype6 libgcc1 libgcrypt11 libgdbm3 libgnutls26 libgpg-error0 libgpgme11 libgpm2 libgssapi-krb5-2 libgssglue1 libgssrpc4
  libidn11 libk5crypto3 libkeyutils1 libkrb5-3 libkrb5support0 libldap-2.4-2 liblocale-gettext-perl liblockfile1 libmagic1 libncurses5 libncursesw5 libnewt0.52 libnfsidmap2
  libpam-modules libpam0g libpci3 libpcre3 libpopt0 libreadline5 libreadline6 librpcsecgss3 libsasl2-2 libselinux1 libsepol1 libsigc++-2.0-0c2a libslang2 libsqlite3-0 libss2
  libstdc++6 libtasn1-3 libtext-charwidth-perl libtext-iconv-perl libusb-0.1-4 libuuid-perl libuuid1 libwrap0 libx11-6 libx11-data libxapian22 libxau6 libxcb1 libxdmcp6
  libxext6 libxml2 libxmuu1 man-db module-init-tools mount mutt nano ncurses-bin netbase nfs-common openssh-client openssh-server passwd pciutils perl perl-base perl-modules
  procps psmisc python python-apt python-minimal python-reportbug python2.6 python2.6-minimal reportbug rsyslog sgml-base sysvinit tasksel usbutils util-linux vim-common
  vim-tiny w3m wget whiptail xkb-data xml-core xz-utils zlib1g
134 actualizados, 46 se instalarán, 2 para eliminar y 0 no actualizados.
Necesito descargar 73,2 MB de archivos.
Se utilizarán 25,6 MB de espacio de disco adicional después de esta operación.
¿Desea continuar [S/n]?


Despues de bjar los pqtes necesario se despliega los cambios a realizar se sale con quit:


Listo ahora segundo reboot y continuar con securización del sistema:

Si se encuentran problemas, leer mensjae y realizar lo sugerido, ejemplo:

apt-get -f install

y luego, nuevamente:

apt-get dist-upgrade

Ahora tenemos Debian WHEEZY estable.

-------


reboot

Verificar:

root@frodo:~# ls -l /boot
total 30172
-rw-r--r-- 1 root root   106193 may 13 14:50 config-2.6.32-5-amd64
-rw-r--r-- 1 root root   129206 jul  4 19:11 config-3.2.0-4-amd64
drwxr-xr-x 3 root root    12288 jul 22 02:05 grub
-rw-r--r-- 1 root root 10315218 jul 22 01:47 initrd.img-2.6.32-5-amd64
-rw-r--r-- 1 root root 11270427 jul 22 02:05 initrd.img-3.2.0-4-amd64
-rw-r--r-- 1 root root  1668057 may 13 14:50 System.map-2.6.32-5-amd64
-rw-r--r-- 1 root root  2112778 jul  4 19:11 System.map-3.2.0-4-amd64
-rw-r--r-- 1 root root  2426656 may 13 14:48 vmlinuz-2.6.32-5-amd64
-rw-r--r-- 1 root root  2840000 jul  4 19:11 vmlinuz-3.2.0-4-amd64
root@frodo:~# 


root@frodo:~# dpkg -l | grep linux-image
ii  linux-image-2.6-amd64              3.2+46                        amd64        Linux for 64-bit PCs (dummy package)
ii  linux-image-2.6.32-5-amd64         2.6.32-48squeeze6             amd64        Linux 2.6.32 for 64-bit PCs
ii  linux-image-3.2.0-4-amd64          3.2.60-1+deb7u1               amd64        Linux 3.2 for 64-bit PCs
ii  linux-image-amd64                  3.2+46                        amd64        Linux for 64-bit PCs (meta-package)
root@frodo:~# 


root@frodo:~# uname -a
Linux frodo 3.2.0-4-amd64 #1 SMP Debian 3.2.60-1+deb7u1 x86_64 GNU/Linux
root@frodo:~# 

OK   continua en la segunda parte...
