Realizar instalación limpia,básica:

- Utilidades estandar
- Servidor SSH

En el primer booteo:

Configurar sources.list con el siguiente contenido:

nano /etc/apt/sources.list

deb http://security.debian.org/ squeeze/updates main contrib non-free
deb-src http://security.debian.org/ squeeze/updates main contrib non-free

deb http://ftp.cl.debian.org/debian squeeze main contrib non-free
deb-src http://ftp.cl.debian.org/debian squeeze main contrib non-free

Ejecutar apt-get update

Ahora actulización masiva:

apt-get upgrade

root@cronos:~# apt-get upgrade
Leyendo lista de paquetes... Hecho
Creando árbol de dependencias       
Leyendo la información de estado... Hecho
Se actualizarán los siguientes paquetes:
  base-files bind9-host dnsutils dpkg exim4 exim4-base exim4-config exim4-daemon-light file gnupg gpgv grep host libbind9-60 libdns69 libgcrypt11
  libgnutls26 libgssapi-krb5-2 libgssrpc4 libisc62 libisccc60 libisccfg62 libk5crypto3 libkadm5clnt-mit7 libkadm5srv-mit7 libkdb5-4 libkrb5-3
  libkrb5support0 liblwres60 libmagic1 libx11-6 libx11-data libxcb1 libxext6 libxml2 linux-base linux-image-2.6.32-5-amd64 mutt openssh-client
  openssh-server perl perl-base perl-modules tzdata
44 actualizados, 0 se instalarán, 0 para eliminar y 0 no actualizados.
Necesito descargar 54,8 MB de archivos.
Se utilizarán 4071 kB de espacio de disco adicional después de esta operación.
¿Desea continuar [S/n]? 

Si da el error:

W: Possible missing firmware /lib/firmware/bnx2/bnx2-rv2p-09ax-5.0.0.j3.fw for module bnx2

ejecutar apt-get install firmware-bnx2

root@cronos:~# apt-get install firmware-bnx2
Leyendo lista de paquetes... Hecho
Creando árbol de dependencias       
Leyendo la información de estado... Hecho
Se instalarán los siguientes paquetes NUEVOS:
  firmware-bnx2
0 actualizados, 1 se instalarán, 0 para eliminar y 0 no actualizados.
Necesito descargar 316 kB de archivos.
Se utilizarán 717 kB de espacio de disco adicional después de esta operación.
Des:1 http://ftp.cl.debian.org/debian/ squeeze/non-free firmware-bnx2 all 0.28+squeeze1 [316 kB]
Descargados 316 kB en 0seg. (3404 kB/s)
Seleccionando el paquete firmware-bnx2 previamente no seleccionado.
(Leyendo la base de datos ... 22051 ficheros o directorios instalados actualmente.)
Desempaquetando firmware-bnx2 (de .../firmware-bnx2_0.28+squeeze1_all.deb) ...
Configurando firmware-bnx2 (0.28+squeeze1) ...
update-initramfs: deferring update (trigger activated)
Procesando disparadores para initramfs-tools ...
update-initramfs: Generating /boot/initrd.img-2.6.32-5-amd64
root@cronos:~# 

Instalat firmware-linux-nonfree ifenslave ethtool

apt-get install firmware-linux-nonfree ifenslave ethtool

root@cronos:~# apt-get install firmware-linux-nonfree ifenslave ethtool
Leyendo lista de paquetes... Hecho
Creando árbol de dependencias       
Leyendo la información de estado... Hecho
Nota, seleccionando «ifenslave-2.6» en lugar de «ifenslave»
Se instalarán los siguientes paquetes NUEVOS:
  ethtool firmware-linux-nonfree ifenslave-2.6
0 actualizados, 3 se instalarán, 0 para eliminar y 0 no actualizados.
Necesito descargar 407 kB de archivos.
Se utilizarán 1343 kB de espacio de disco adicional después de esta operación.
Des:1 http://ftp.cl.debian.org/debian/ squeeze/main ethtool amd64 1:2.6.34-3 [76,2 kB]
Des:2 http://ftp.cl.debian.org/debian/ squeeze/non-free firmware-linux-nonfree all 0.28+squeeze1 [312 kB]
Des:3 http://ftp.cl.debian.org/debian/ squeeze/main ifenslave-2.6 amd64 1.1.0-17 [18,4 kB]
Descargados 407 kB en 0seg. (1174 kB/s)
Seleccionando el paquete ethtool previamente no seleccionado.
(Leyendo la base de datos ... 22069 ficheros o directorios instalados actualmente.)
Desempaquetando ethtool (de .../ethtool_1%3a2.6.34-3_amd64.deb) ...
Seleccionando el paquete firmware-linux-nonfree previamente no seleccionado.
Desempaquetando firmware-linux-nonfree (de .../firmware-linux-nonfree_0.28+squeeze1_all.deb) ...
Seleccionando el paquete ifenslave-2.6 previamente no seleccionado.
Desempaquetando ifenslave-2.6 (de .../ifenslave-2.6_1.1.0-17_amd64.deb) ...
Procesando disparadores para man-db ...
Configurando ethtool (1:2.6.34-3) ...
Configurando firmware-linux-nonfree (0.28+squeeze1) ...
update-initramfs: deferring update (trigger activated)
Configurando ifenslave-2.6 (1.1.0-17) ...
update-alternatives: utilizando /sbin/ifenslave-2.6 para proveer /sbin/ifenslave (ifenslave) en modo automático.
Procesando disparadores para initramfs-tools ...
update-initramfs: Generating /boot/initrd.img-2.6.32-5-amd64
root@cronos:~# 

Primer reboot del sistema:







ejecutar egrep '(vmx|svm)' --color=always /proc/cpuinfo
y si aparece vmx en intel o svm en amd y destacado en rojo se puede continuar, de lo contrario "game over"

root@frodo:~# egrep '(vmx|svm)' --color=always /proc/cpuinfo
flags		: fpu vme de pse tsc msr pae mce cx8 apic sep mtrr pge mca cmov pat pse36 clflush dts acpi mmx fxsr sse sse2 ss ht tm pbe syscall nx rdtscp lm constant_tsc arch_perfmon pebs bts rep_good xtopology nonstop_tsc aperfmperf pni dtes64 monitor ds_cpl vmx est tm2 ssse3 cx16 xtpr pdcm dca sse4_1 sse4_2 popcnt lahf_lm tpr_shadow vnmi flexpriority ept vpid
flags		: fpu vme de pse tsc msr pae mce cx8 apic sep mtrr pge mca cmov pat pse36 clflush dts acpi mmx fxsr sse sse2 ss ht tm pbe syscall nx rdtscp lm constant_tsc arch_perfmon pebs bts rep_good xtopology nonstop_tsc aperfmperf pni dtes64 monitor ds_cpl vmx est tm2 ssse3 cx16 xtpr pdcm dca sse4_1 sse4_2 popcnt lahf_lm tpr_shadow vnmi flexpriority ept vpid
flags		: fpu vme de pse tsc msr pae mce cx8 apic sep mtrr pge mca cmov pat pse36 clflush dts acpi mmx fxsr sse sse2 ss ht tm pbe syscall nx rdtscp lm constant_tsc arch_perfmon pebs bts rep_good xtopology nonstop_tsc aperfmperf pni dtes64 monitor ds_cpl vmx est tm2 ssse3 cx16 xtpr pdcm dca sse4_1 sse4_2 popcnt lahf_lm tpr_shadow vnmi flexpriority ept vpid
flags		: fpu vme de pse tsc msr pae mce cx8 apic sep mtrr pge mca cmov pat pse36 clflush dts acpi mmx fxsr sse sse2 ss ht tm pbe syscall nx rdtscp lm constant_tsc arch_perfmon pebs bts rep_good xtopology nonstop_tsc aperfmperf pni dtes64 monitor ds_cpl vmx est tm2 ssse3 cx16 xtpr pdcm dca sse4_1 sse4_2 popcnt lahf_lm tpr_shadow vnmi flexpriority ept vpid
flags		: fpu vme de pse tsc msr pae mce cx8 apic sep mtrr pge mca cmov pat pse36 clflush dts acpi mmx fxsr sse sse2 ss ht tm pbe syscall nx rdtscp lm constant_tsc arch_perfmon pebs bts rep_good xtopology nonstop_tsc aperfmperf pni dtes64 monitor ds_cpl vmx est tm2 ssse3 cx16 xtpr pdcm dca sse4_1 sse4_2 popcnt lahf_lm tpr_shadow vnmi flexpriority ept vpid
flags		: fpu vme de pse tsc msr pae mce cx8 apic sep mtrr pge mca cmov pat pse36 clflush dts acpi mmx fxsr sse sse2 ss ht tm pbe syscall nx rdtscp lm constant_tsc arch_perfmon pebs bts rep_good xtopology nonstop_tsc aperfmperf pni dtes64 monitor ds_cpl vmx est tm2 ssse3 cx16 xtpr pdcm dca sse4_1 sse4_2 popcnt lahf_lm tpr_shadow vnmi flexpriority ept vpid
flags		: fpu vme de pse tsc msr pae mce cx8 apic sep mtrr pge mca cmov pat pse36 clflush dts acpi mmx fxsr sse sse2 ss ht tm pbe syscall nx rdtscp lm constant_tsc arch_perfmon pebs bts rep_good xtopology nonstop_tsc aperfmperf pni dtes64 monitor ds_cpl vmx est tm2 ssse3 cx16 xtpr pdcm dca sse4_1 sse4_2 popcnt lahf_lm tpr_shadow vnmi flexpriority ept vpid
flags		: fpu vme de pse tsc msr pae mce cx8 apic sep mtrr pge mca cmov pat pse36 clflush dts acpi mmx fxsr sse sse2 ss ht tm pbe syscall nx rdtscp lm constant_tsc arch_perfmon pebs bts rep_good xtopology nonstop_tsc aperfmperf pni dtes64 monitor ds_cpl vmx est tm2 ssse3 cx16 xtpr pdcm dca sse4_1 sse4_2 popcnt lahf_lm tpr_shadow vnmi flexpriority ept vpid


Bien, las 8 cpu lo soportan :)

root@frodo:~# ls -l /boot
total 14284
-rw-r--r-- 1 root root   106193 may 13 14:50 config-2.6.32-5-amd64
drwxr-xr-x 3 root root     4096 jul 22 01:20 grub
-rw-r--r-- 1 root root 10412709 jul 22 01:25 initrd.img-2.6.32-5-amd64
-rw-r--r-- 1 root root  1668057 may 13 14:50 System.map-2.6.32-5-amd64
-rw-r--r-- 1 root root  2426656 may 13 14:48 vmlinuz-2.6.32-5-amd64
root@frodo:~# 

OK, ahora actualización masiva SQUEEZE a WHEEZY:

Modificar /etc/apt/sources.list con el siguiente contenido:

deb http://security.debian.org/ wheezy/updates main contrib non-free
deb-src http://security.debian.org/ wheezy/updates main contrib non-free

deb http://ftp.cl.debian.org/debian/ wheezy main contrib non-free
deb-src http://ftp.cl.debian.org/debian/ wheezy main contrib non-free

deb http://ftp.cl.debian.org/debian/ wheezy-updates main contrib non-free
deb-src http://ftp.cl.debian.org/debian/ wheezy-updates main contrib non-free 


Ahora:

apt-get update
apt-get upgrade

root@frodo:~# apt-get upgrade
Leyendo lista de paquetes... Hecho
Creando árbol de dependencias       
Leyendo la información de estado... Hecho
Los siguientes paquetes se han retenido:
  apt apt-utils aptitude base-files bash bind9-host bsdmainutils console-setup coreutils dmsetup dnsutils dpkg e2fslibs e2fsprogs exim4 exim4-base
  exim4-daemon-light file gcc-4.4-base gettext-base grub-common grub-pc ifupdown info initramfs-tools initscripts iproute iptables iputils-ping
  keyboard-configuration klibc-utils less libacl1 libattr1 libblkid1 libbsd0 libbz2-1.0 libcap2 libcomerr2 libcwidget3 libdevmapper1.02.1 libedit2
  libexpat1 libfreetype6 libgcc1 libgcrypt11 libgdbm3 libgnutls26 libgpg-error0 libgpgme11 libgpm2 libgssapi-krb5-2 libgssglue1 libgssrpc4 libidn11
  libk5crypto3 libkeyutils1 libklibc libkrb5-3 libkrb5support0 libldap-2.4-2 liblocale-gettext-perl liblockfile1 libmagic1 libncurses5 libncursesw5
  libnewt0.52 libnfsidmap2 libpam-modules libpam0g libpci3 libpcre3 libpopt0 libreadline5 libreadline6 librpcsecgss3 libsasl2-2 libselinux1
  libsepol1 libsigc++-2.0-0c2a libslang2 libsqlite3-0 libss2 libstdc++6 libtasn1-3 libtext-charwidth-perl libtext-iconv-perl libudev0 libusb-0.1-4
  libuuid-perl libuuid1 libwrap0 libx11-6 libx11-data libxapian22 libxau6 libxcb1 libxdmcp6 libxext6 libxml2 libxmuu1 linux-image-2.6-amd64 lvm2
  man-db module-init-tools mount mutt nano ncurses-bin netbase nfs-common openssh-client openssh-server passwd pciutils perl perl-base perl-modules
  procps psmisc python python-apt python-minimal python-reportbug python2.6 python2.6-minimal reportbug rsyslog sgml-base sysvinit tasksel udev
  usbutils util-linux vim-common vim-tiny w3m wget whiptail xkb-data xml-core xz-utils zlib1g
Se actualizarán los siguientes paquetes:
  acpi acpi-support-base acpid adduser apt-listchanges at base-passwd bash-completion bc bsd-mailx bsdutils busybox cpio cron dash dc debconf
  debconf-i18n debian-archive-keyring debian-faq debianutils diffutils discover dmidecode doc-debian eject ethtool exim4-config findutils
  firmware-bnx2 firmware-linux-nonfree ftp gnupg gpgv grep groff-base gzip host hostname ifenslave-2.6 insserv install-info installation-report
  isc-dhcp-client isc-dhcp-common iso-codes kbd libc-bin libc6 libc6-i386 libdiscover2 libgc1c2 libgeoip1 libnfnetlink0 libpam-runtime linux-base
  locales login logrotate lsb-base lsof m4 manpages mawk mime-support mlocate ncurses-base ncurses-term net-tools netcat-traditional
  openssh-blacklist patch procmail python-apt-common python-central python-support readline-common sed sensible-utils sysv-rc sysvinit-utils tar
  tasksel-data tcpd texinfo time traceroute tzdata ucf wamerican whois xauth
92 actualizados, 0 se instalarán, 0 para eliminar y 143 no actualizados.
Necesito descargar 39,9 MB de archivos.
Se liberarán 7066 kB después de esta operación.
¿Desea continuar [S/n]? 

Durante la actualización se pide reiniciar servicios sin avisar, aceptar:

fig01

Ahora obtener los kernel instalados:

dpkg -l | grep linux-image

root@frodo:~# dpkg -l | grep linux-image
ii  linux-image-2.6-amd64               2.6.32+29                     Linux 2.6 for 64-bit PCs (meta-package)
ii  linux-image-2.6.32-5-amd64          2.6.32-48squeeze6             Linux 2.6.32 for 64-bit PCs
root@frodo:~# 


Entonces ejecutar apt-get install linux-image-2.6-amd64 que es el meta-paquete:

root@frodo:~# apt-get install linux-image-2.6-amd64
Leyendo lista de paquetes... Hecho
Creando árbol de dependencias       
Leyendo la información de estado... Hecho
Se instalarán los siguientes paquetes extras:
  console-setup console-setup-linux firmware-linux-free initramfs-tools keyboard-configuration klibc-utils libklibc linux-image-3.2.0-4-amd64
  linux-image-amd64
Paquetes sugeridos:
  linux-doc-3.2 debian-kernel-handbook
Los siguientes paquetes se ELIMINARÁN:
  console-terminus
Se instalarán los siguientes paquetes NUEVOS:
  console-setup-linux firmware-linux-free linux-image-3.2.0-4-amd64 linux-image-amd64
Se actualizarán los siguientes paquetes:
  console-setup initramfs-tools keyboard-configuration klibc-utils libklibc linux-image-2.6-amd64
6 actualizados, 4 se instalarán, 1 para eliminar y 137 no actualizados.
Necesito descargar 25,5 MB de archivos.
Se utilizarán 108 MB de espacio de disco adicional después de esta operación.
¿Desea continuar [S/n]? 


Ahora actualizar el gestor de arranque:

update-grub

Generating grub.cfg ...
Found linux image: /boot/vmlinuz-3.2.0-4-amd64
Found initrd image: /boot/initrd.img-3.2.0-4-amd64
Found linux image: /boot/vmlinuz-2.6.32-5-amd64
Found initrd image: /boot/initrd.img-2.6.32-5-amd64
done
root@frodo:~# 


apt-get install udev

Y ahora la verdadera actualización:

apt-get dist-upgrade

root@frodo:~# apt-get dist-upgrade
Leyendo lista de paquetes... Hecho
Creando árbol de dependencias       
Leyendo la información de estado... Hecho
Calculando la actualización... Listo
Los siguientes paquetes se ELIMINARÁN:
  libept1 portmap
Se instalarán los siguientes paquetes NUEVOS:
  aptitude-common gcc-4.7-base grub-pc-bin grub2-common kmod krb5-locales libapt-inst1.5 libapt-pkg4.12 libasprintf0c2 libbind9-80
  libboost-iostreams1.49.0 libclass-isa-perl libdb5.1 libdevmapper-event1.02.1 libdns88 libept1.4.12 libevent-2.0-5 libfuse2 libisc84 libisccc80
  libisccfg82 libkmod2 liblockfile-bin liblwres80 liblzma5 libmount1 libp11-kit0 libpam-modules-bin libpipeline1 libprocps0 libsemanage-common
  libsemanage1 libssl1.0.0 libswitch-perl libtinfo5 libtirpc1 libtokyocabinet9 libusb-1.0-0 libustr-1.0-1 multiarch-support python-chardet
  python-debian python-debianbts python-fpconst python-soappy python2.7 python2.7-minimal rpcbind
Se actualizarán los siguientes paquetes:
  apt apt-utils aptitude base-files bash bind9-host bsdmainutils coreutils dmsetup dnsutils dpkg e2fslibs e2fsprogs exim4 exim4-base
  exim4-daemon-light file gcc-4.4-base gettext-base grub-common grub-pc ifupdown info initscripts iproute iptables iputils-ping less libacl1
  libattr1 libblkid1 libbsd0 libbz2-1.0 libcap2 libcomerr2 libcwidget3 libdevmapper1.02.1 libedit2 libexpat1 libfreetype6 libgcc1 libgcrypt11
  libgdbm3 libgnutls26 libgpg-error0 libgpgme11 libgpm2 libgssapi-krb5-2 libgssglue1 libgssrpc4 libidn11 libk5crypto3 libkeyutils1 libkrb5-3
  libkrb5support0 libldap-2.4-2 liblocale-gettext-perl liblockfile1 libmagic1 libncurses5 libncursesw5 libnewt0.52 libnfsidmap2 libpam-modules
  libpam0g libpci3 libpcre3 libpopt0 libreadline5 libreadline6 librpcsecgss3 libsasl2-2 libselinux1 libsepol1 libsigc++-2.0-0c2a libslang2
  libsqlite3-0 libss2 libstdc++6 libtasn1-3 libtext-charwidth-perl libtext-iconv-perl libudev0 libusb-0.1-4 libuuid-perl libuuid1 libwrap0 libx11-6
  libx11-data libxapian22 libxau6 libxcb1 libxdmcp6 libxext6 libxml2 libxmuu1 lvm2 man-db module-init-tools mount mutt nano ncurses-bin netbase
  nfs-common openssh-client openssh-server passwd pciutils perl perl-base perl-modules procps psmisc python python-apt python-minimal
  python-reportbug python2.6 python2.6-minimal reportbug rsyslog sgml-base sysvinit tasksel udev usbutils util-linux vim-common vim-tiny w3m wget
  whiptail xkb-data xml-core xz-utils zlib1g
137 actualizados, 48 se instalarán, 2 para eliminar y 0 no actualizados.
Necesito descargar 74,4 MB de archivos.
Se utilizarán 24,7 MB de espacio de disco adicional después de esta operación.
¿Desea continuar [S/n]? 

Despues de bjar los pqtes necesario se despliega los cambios a realizar se sale con quit:

fig02

Listo ahora segundo reboot y continuar con secirizaci{on del sistema:

Si se encuentran problemas, leer mensjae y realizar lo seugerido, ejemplo:

apt-get -f install

y luego, nuevamente:

apt-get dist-upgrade

Ahora tenemos Debian WHEEZY estable.

-------


reboot

Verificar:

root@frodo:~# ls -l /boot
total 30172
-rw-r--r-- 1 root root   106193 may 13 14:50 config-2.6.32-5-amd64
-rw-r--r-- 1 root root   129206 jul  4 19:11 config-3.2.0-4-amd64
drwxr-xr-x 3 root root    12288 jul 22 02:05 grub
-rw-r--r-- 1 root root 10315218 jul 22 01:47 initrd.img-2.6.32-5-amd64
-rw-r--r-- 1 root root 11270427 jul 22 02:05 initrd.img-3.2.0-4-amd64
-rw-r--r-- 1 root root  1668057 may 13 14:50 System.map-2.6.32-5-amd64
-rw-r--r-- 1 root root  2112778 jul  4 19:11 System.map-3.2.0-4-amd64
-rw-r--r-- 1 root root  2426656 may 13 14:48 vmlinuz-2.6.32-5-amd64
-rw-r--r-- 1 root root  2840000 jul  4 19:11 vmlinuz-3.2.0-4-amd64
root@frodo:~# 


root@frodo:~# dpkg -l | grep linux-image
ii  linux-image-2.6-amd64              3.2+46                        amd64        Linux for 64-bit PCs (dummy package)
ii  linux-image-2.6.32-5-amd64         2.6.32-48squeeze6             amd64        Linux 2.6.32 for 64-bit PCs
ii  linux-image-3.2.0-4-amd64          3.2.60-1+deb7u1               amd64        Linux 3.2 for 64-bit PCs
ii  linux-image-amd64                  3.2+46                        amd64        Linux for 64-bit PCs (meta-package)
root@frodo:~# 


root@frodo:~# uname -a
Linux frodo 3.2.0-4-amd64 #1 SMP Debian 3.2.60-1+deb7u1 x86_64 GNU/Linux
root@frodo:~# 

OK   continua en la segunda parte...
