
Ahora instalar XEN 4.4

apt-get autoremove

root@fobos:~# apt-get autoremove
Leyendo lista de paquetes... Hecho
Creando árbol de dependencias       
Leyendo la información de estado... Hecho
0 actualizados, 0 nuevos se instalarán, 0 para eliminar y 0 no actualizados.
root@fobos:~# 

apt-get install xen-linux-system-amd64 xen-tools

root@fobos:~# apt-get install xen-linux-system-amd64 xen-tools
Leyendo lista de paquetes... Hecho
Creando árbol de dependencias       
Leyendo la información de estado... Hecho
Se instalarán los siguientes paquetes extras:
  debootstrap debugedit grub-xen-bin grub-xen-host ipxe-qemu libaio1 libasound2 libasound2-data libasyncns0 libbluetooth3 libboost-system1.55.0
  libboost-thread1.55.0 libbrlapi0.6 libcaca0 libconfig-inifiles-perl libdata-validate-domain-perl libdata-validate-ip-perl
  libdata-validate-uri-perl libdirectfb-1.2-9 libelf1 libexpect-perl libfdt1 libfile-slurp-perl libfile-which-perl libflac8 libice6 libio-pty-perl
  libio-stty-perl libiscsi2 liblist-moreutils-perl liblog-message-perl liblog-message-simple-perl liblua5.2-0 libnet-domain-tld-perl
  libnet-ipv6addr-perl libnet-netmask-perl libnetaddr-ip-perl libnetwork-ipv4addr-perl libnspr4 libnss3 libogg0 libopus0 libpulse0 librados2 librbd1
  librpm3 librpmbuild3 librpmio3 librpmsign1 libsdl1.2debian libseccomp2 libsm6 libsndfile1 libsocket6-perl libspice-server1 libterm-size-perl
  libterm-ui-perl libtext-template-perl libusbredirparser1 libvdeplug2 libvorbis0a libvorbisenc2 libx11-xcb1 libxen-4.4 libxenstore3.0 libxtst6
  libyajl2 qemu-system-common qemu-system-x86 qemu-utils rinse rpm rpm-common rpm2cpio seabios sharutils x11-common xen-hypervisor-4.4-amd64
  xen-linux-system-3.16.0-4-amd64 xen-system-amd64 xen-utils-4.4 xen-utils-common xenstore-utils
Paquetes sugeridos:
  rpm-i18n libasound2-plugins alsa-utils opus-tools pulseaudio samba vde2 sgabios ovmf alien elfutils rpmlint rpm2html btrfs-tools cfengine2
  reiserfsprogs xfsprogs
Paquetes recomendados:
  xen-hypervisor-amd64 xen-hypervisor-i386 xen-hypervisor-i386-pae xen-utils xen-hypervisor-4.4
Se instalarán los siguientes paquetes NUEVOS:
  debootstrap debugedit grub-xen-bin grub-xen-host ipxe-qemu libaio1 libasound2 libasound2-data libasyncns0 libbluetooth3 libboost-system1.55.0
  libboost-thread1.55.0 libbrlapi0.6 libcaca0 libconfig-inifiles-perl libdata-validate-domain-perl libdata-validate-ip-perl
  libdata-validate-uri-perl libdirectfb-1.2-9 libelf1 libexpect-perl libfdt1 libfile-slurp-perl libfile-which-perl libflac8 libice6 libio-pty-perl
  libio-stty-perl libiscsi2 liblist-moreutils-perl liblog-message-perl liblog-message-simple-perl liblua5.2-0 libnet-domain-tld-perl
  libnet-ipv6addr-perl libnet-netmask-perl libnetaddr-ip-perl libnetwork-ipv4addr-perl libnspr4 libnss3 libogg0 libopus0 libpulse0 librados2 librbd1
  librpm3 librpmbuild3 librpmio3 librpmsign1 libsdl1.2debian libseccomp2 libsm6 libsndfile1 libsocket6-perl libspice-server1 libterm-size-perl
  libterm-ui-perl libtext-template-perl libusbredirparser1 libvdeplug2 libvorbis0a libvorbisenc2 libx11-xcb1 libxen-4.4 libxenstore3.0 libxtst6
  libyajl2 qemu-system-common qemu-system-x86 qemu-utils rinse rpm rpm-common rpm2cpio seabios sharutils x11-common xen-hypervisor-4.4-amd64
  xen-linux-system-3.16.0-4-amd64 xen-linux-system-amd64 xen-system-amd64 xen-tools xen-utils-4.4 xen-utils-common xenstore-utils
0 actualizados, 85 nuevos se instalarán, 0 para eliminar y 0 no actualizados.
Se necesita descargar 26,2 MB de archivos.
Se utilizarán 72,6 MB de espacio de disco adicional después de esta operación.
¿Desea continuar? [S/n] 




--------------------------------------------------
Esto no es necesarioen máquinas con boot EFI/UEFI

Boot Xen Kernel

To make sure Xen Kernel will boot it is necessary to change the boot order. Do not forget to update Grub after that.

dpkg-divert --divert /etc/grub.d/08_linux_xen --rename /etc/grub.d/20_linux_xen

root@fobos:~# dpkg-divert --divert /etc/grub.d/08_linux_xen --rename /etc/grub.d/20_linux_xen
Añadiendo `desviación local de /etc/grub.d/20_linux_xen a /etc/grub.d/08_linux_xen'
root@fobos:~#

update-grub

root@fobos:~# update-grub
Generating grub configuration file ...
Encontrada imagen de linux: /boot/vmlinuz-3.16.0-4-amd64
Encontrada imagen de memoria inicial: /boot/initrd.img-3.16.0-4-amd64
Encontrada imagen de linux: /boot/vmlinuz-3.16.0-4-amd64
Encontrada imagen de memoria inicial: /boot/initrd.img-3.16.0-4-amd64
Encontrada imagen de linux: /boot/vmlinuz-3.16.0-4-amd64
Encontrada imagen de memoria inicial: /boot/initrd.img-3.16.0-4-amd64
Adding boot menu entry for EFI firmware configuration
hecho
root@fobos:~# 


Y reboot:

------------

Esto de debe hacer en FOBOS:

copiar Crear el directorio XEN:

mkdir -p /boot/efi/EFI/XEN

Copiar los sgtes archivos quese encuentran /boot al directorio XEN:

initrd.img-3.16.0-4-amd64  
vmlinuz-3.16.0-4-amd64
xen-4.4-amd64.efi

Crear el archivo xen-4.4-amd64.cfg con el siguiente contenido:

[global]
default=debian8

[debian8]
options=console=com1,vga,dbgp dbgp=ehci com1=115200,8n1 loglvl=all noreboot
kernel=vmlinuz-3.16.0-4-amd64 ignore_loglevel root=UUID=2ed6dbab-429a-4bc1-a993-f672d8247b77 ro quiet console=tty1 console=hvc0
ramdisk=initrd.img-3.16.0-4-amd64



Ahora generar el arranque por EFI/UEFI

bootmgr -c -g -d /dev/sda -p 1 -w -L "Xen EFI Loader" -l '\EFI\XEN\xen-4.4-amd64.efi'

root@fobos:~# efibootmgr -c -g -d /dev/sda -p 1 -w -L "Xen EFI Loader" -l '\EFI\XEN\xen-4.4-amd64.efi'
BootCurrent: 0014
Timeout: 0 seconds
BootOrder: 0015,0014,000D,0009,000A,000B,000C,000E,000F,0010,0000,0002,0001,0004,0005,0006,0007,0003
Boot0000  Embedded UEFI Shell
Boot0001  Diagnose Error
Boot0002  System Utilities
Boot0003  Intelligent Provisioning
Boot0004  Boot Menu
Boot0005  Network Boot
Boot0006  Embedded Diagnostics
Boot0007  View Integrated Management Log
Boot0008* Internal USB 1 : HLDS Inc SuperMulti RW 
Boot0009* Slot 1 : Smart HBA H240 Controller - 931.51 GiB, Port:2I, Bay:5, Box:2
Boot000A* Slot 1 : Smart HBA H240 Controller - 931.51 GiB, Port:2I, Bay:6, Box:2
Boot000B* Slot 1 : Smart HBA H240 Controller - 931.51 GiB, Port:2I, Bay:7, Box:2
Boot000C* Slot 1 : Smart HBA H240 Controller - 931.51 GiB, Port:2I, Bay:8, Box:2
Boot000D* Slot 1 : Smart HBA H240 Controller - 931.51 GiB, Port:1I, Bay:1, Box:2
Boot000E* Slot 1 : Smart HBA H240 Controller - 931.51 GiB, Port:1I, Bay:2, Box:2
Boot000F* Slot 1 : Smart HBA H240 Controller - 931.51 GiB, Port:1I, Bay:3, Box:2
Boot0010* Slot 1 : Smart HBA H240 Controller - 931.51 GiB, Port:1I, Bay:4, Box:2
Boot0011* Internal Virtual USB 1 : Intelligent Provisioning
Boot0012* Internal Virtual USB 2 : Virtual Install Disk
Boot0013* Internal Virtual USB 3 : Black Box
Boot0014* debian
Boot0015* Xen EFI Loader
root@fobos:~#

Lo anterior crea la entrada en el EFI Boot menu permitiendo arrancar XEN, lo anterior anula el arranque por GRUB y como
efecto se pierde la entrada de consola por los USB del servidor pero se crea una consola serie por si se requiere 
conectar a la maquina.

-------

Ahora configurar XEN:

Modificar /etc/xen/xl.conf descomentando y cambiando la opcion:

En la linea 24 dscomentar:

vif.default.backend="0"

En la linea 34 insertar:

vif.default.bridge="br0"

Guardar y salir

Crear directorio /etc/xen/auto

mkdir /etc/xen/auto

*- Preparar almacenamiento para máquina Openfiler:

root@deimos:~# apt-get install lvm2
Leyendo lista de paquetes... Hecho
Creando árbol de dependencias       
Leyendo la información de estado... Hecho
Se instalarán los siguientes paquetes extras:
  dmeventd libdevmapper-event1.02.1 liblvm2cmd2.02 libreadline5
Paquetes sugeridos:
  thin-provisioning-tools
Se instalarán los siguientes paquetes NUEVOS:
  dmeventd libdevmapper-event1.02.1 liblvm2cmd2.02 libreadline5 lvm2
0 actualizados, 5 nuevos se instalarán, 0 para eliminar y 1 no actualizados.
Se necesita descargar 1.471 kB de archivos.
Se utilizarán 3.537 kB de espacio de disco adicional después de esta operación.
¿Desea continuar? [S/n]

root@fobos:/etc/xen# pvcreate /dev/md1
  Physical volume "/dev/md1" successfully created
root@fobos:/etc/xen#

root@fobos:/etc/xen# pvscan
  PV /dev/md1         lvm2 [260,65 GiB]
  Total: 1 [260,65 GiB] / in use: 0 [0   ] / in no VG: 1 [260,65 GiB]
root@fobos:/etc/xen#

root@fobos:/etc/xen# vgcreate vg0 /dev/md1
  /proc/devices: No entry for device-mapper found
  Volume group "vg0" successfully created
root@fobos:/etc/xen#

root@fobos:~# pvdisplay
  --- Physical volume ---
  PV Name               /dev/md1
  VG Name               vg0
  PV Size               260,65 GiB / not usable 0   
  Allocatable           yes 
  PE Size               4,00 MiB
  Total PE              66725
  Free PE               66725
  Allocated PE          0
  PV UUID               JHSPkt-u1IS-u0SJ-ZuSF-DnH8-7sIt-IjEk4u
   
root@fobos:~#

root@fobos:~# vgdisplay
  --- Volume group ---
  VG Name               vg0
  System ID             
  Format                lvm2
  Metadata Areas        1
  Metadata Sequence No  1
  VG Access             read/write
  VG Status             resizable
  MAX LV                0
  Cur LV                0
  Open LV               0
  Max PV                0
  Cur PV                1
  Act PV                1
  VG Size               260,64 GiB
  PE Size               4,00 MiB
  Total PE              66725
  Alloc PE / Size       0 / 0   
  Free  PE / Size       66725 / 260,64 GiB
  VG UUID               UuMqJn-legl-JcaB-K6wd-DpdA-mhIc-013NMf
   
root@fobos:~# 


lvcreate -L 100G -n vdeimos-root vg0
lvcreate -L 2G -n vdeimos-swap vg0

root@fobos:~# lvcreate -L 100G -n vdeimos-root vg0
  Logical volume "vdeimos-root" created
root@fobos:~#

root@fobos:~# lvcreate -L 2G -n vdeimos-swap vg0
  Logical volume "vdeimos-swap" created
root@fobos:~# 

root@fobos:~# lvscan
  ACTIVE            '/dev/vg0/vdeimos-root' [100,00 GiB] inherit
  ACTIVE            '/dev/vg0/vdeimos-swap' [2,00 GiB] inherit
root@fobos:~#

-----
sfdisk -d /dev/sdb | sfdisk /dev/sdc

Ahora crear el RAID 5 para el NAS/Openfiler:

Creando el raid:

mdadm --create --verbose /dev/md4 --level=5 --raid-devices=6 /dev/sdb1 /dev/sdc1 /dev/sdd1 /dev/sdf1 /dev/sdg1 /dev/sdh1

-----------------
Esta seción no se requiere configurar debido a que se iici la maquina con un archivo ya preconfigurado:

Preparar XEN-TOOLS para crear máquinas Linux:

cd /etc/xen-tools

nano xen-tools.conf

lvm = vg0

En la sección "Disk and Sizing options" personalizar:

size   = 100Gb      # Disk image size.
memory = 4Gb    # Memory size
swap   = 1Gb    # Swap size

En la seccion "Networking setup values", descomentar y personalizar:

gateway    = 192.168.7.131
netmask    = 255.255.255.0
broadcast  = 192.168.7.255

Buscar y comentar la sgte. linea:

mirror = `xt-guess-suite-and-mirror --mirror`

comentarla y agregar:

mirror = http://ftp.cl.debian.org/debian/

Lista las opciones básicas:

Fin de esta etapa, ahora preparar e instalar Openfiler 2.33
