Ahora instalar XEN 4.4

apt-get autoremove

root@deimos:~# apt-get autoremove
Leyendo lista de paquetes... Hecho
Creando árbol de dependencias       
Leyendo la información de estado... Hecho
0 actualizados, 0 nuevos se instalarán, 0 para eliminar y 0 no actualizados.
root@deimos:~# 

apt-get install xen-linux-system-amd64

root@deimos:~# apt-get install xen-linux-system-amd64
Leyendo lista de paquetes... Hecho
Creando árbol de dependencias       
Leyendo la información de estado... Hecho
Se instalarán los siguientes paquetes extras:
  bridge-utils grub-xen-bin grub-xen-host ipxe-qemu libaio1 libasound2 libasound2-data libasyncns0 libbluetooth3 libboost-system1.55.0
  libboost-thread1.55.0 libbrlapi0.6 libcaca0 libdirectfb-1.2-9 libfdt1 libflac8 libice6 libiscsi2 libnspr4 libnss3 libogg0 libopus0 libpulse0
  librados2 librbd1 libsdl1.2debian libseccomp2 libsm6 libsndfile1 libspice-server1 libusbredirparser1 libvdeplug2 libvorbis0a libvorbisenc2
  libx11-xcb1 libxen-4.4 libxenstore3.0 libxtst6 libyajl2 qemu-system-common qemu-system-x86 qemu-utils seabios sharutils x11-common
  xen-hypervisor-4.4-amd64 xen-linux-system-3.16.0-4-amd64 xen-system-amd64 xen-utils-4.4 xen-utils-common xenstore-utils
Paquetes sugeridos:
  libasound2-plugins alsa-utils opus-tools pulseaudio samba vde2 sgabios ovmf debootstrap
Paquetes recomendados:
  xen-hypervisor-4.4
Se instalarán los siguientes paquetes NUEVOS:
  bridge-utils grub-xen-bin grub-xen-host ipxe-qemu libaio1 libasound2 libasound2-data libasyncns0 libbluetooth3 libboost-system1.55.0
  libboost-thread1.55.0 libbrlapi0.6 libcaca0 libdirectfb-1.2-9 libfdt1 libflac8 libice6 libiscsi2 libnspr4 libnss3 libogg0 libopus0 libpulse0
  librados2 librbd1 libsdl1.2debian libseccomp2 libsm6 libsndfile1 libspice-server1 libusbredirparser1 libvdeplug2 libvorbis0a libvorbisenc2
  libx11-xcb1 libxen-4.4 libxenstore3.0 libxtst6 libyajl2 qemu-system-common qemu-system-x86 qemu-utils seabios sharutils x11-common
  xen-hypervisor-4.4-amd64 xen-linux-system-3.16.0-4-amd64 xen-linux-system-amd64 xen-system-amd64 xen-utils-4.4 xen-utils-common xenstore-utils
0 actualizados, 52 nuevos se instalarán, 0 para eliminar y 0 no actualizados.
Se necesita descargar 16,4 MB de archivos.
Se utilizarán 58,1 MB de espacio de disco adicional después de esta operación.
¿Desea continuar? [S/n] 

apt-get install xen-tools

root@deimos:~# apt-get install xen-tools
Leyendo lista de paquetes... Hecho
Creando árbol de dependencias       
Leyendo la información de estado... Hecho
Se instalarán los siguientes paquetes extras:
  debootstrap debugedit libconfig-inifiles-perl libdata-validate-domain-perl libdata-validate-ip-perl libdata-validate-uri-perl libelf1
  libexpect-perl libfile-slurp-perl libfile-which-perl libio-pty-perl libio-stty-perl liblist-moreutils-perl liblog-message-perl
  liblog-message-simple-perl liblua5.2-0 libnet-domain-tld-perl libnet-ipv6addr-perl libnet-netmask-perl libnetaddr-ip-perl libnetwork-ipv4addr-perl
  librpm3 librpmbuild3 librpmio3 librpmsign1 libsocket6-perl libterm-size-perl libterm-ui-perl libtext-template-perl rinse rpm rpm-common rpm2cpio
Paquetes sugeridos:
  rpm-i18n alien elfutils rpmlint rpm2html btrfs-tools cfengine2 reiserfsprogs xfsprogs
Se instalarán los siguientes paquetes NUEVOS:
  debootstrap debugedit libconfig-inifiles-perl libdata-validate-domain-perl libdata-validate-ip-perl libdata-validate-uri-perl libelf1
  libexpect-perl libfile-slurp-perl libfile-which-perl libio-pty-perl libio-stty-perl liblist-moreutils-perl liblog-message-perl
  liblog-message-simple-perl liblua5.2-0 libnet-domain-tld-perl libnet-ipv6addr-perl libnet-netmask-perl libnetaddr-ip-perl libnetwork-ipv4addr-perl
  librpm3 librpmbuild3 librpmio3 librpmsign1 libsocket6-perl libterm-size-perl libterm-ui-perl libtext-template-perl rinse rpm rpm-common rpm2cpio
  xen-tools
0 actualizados, 34 nuevos se instalarán, 0 para eliminar y 0 no actualizados.
Se necesita descargar 9.850 kB de archivos.
Se utilizarán 14,6 MB de espacio de disco adicional después de esta operación.
¿Desea continuar? [S/n] 

--------------------------------------------------
Boot Xen Kernel

To make sure Xen Kernel will boot it is necessary to change the boot order. Do not forget to update Grub after that.

dpkg-divert --divert /etc/grub.d/08_linux_xen --rename /etc/grub.d/20_linux_xen

update-grub


root@deimos:~# dpkg-divert --divert /etc/grub.d/08_linux_xen --rename /etc/grub.d/20_linux_xen
Añadiendo `desviación local de /etc/grub.d/20_linux_xen a /etc/grub.d/08_linux_xen'
root@deimos:~#


root@deimos:~# update-grub
Generating grub configuration file ...
Encontrada imagen de linux: /boot/vmlinuz-3.16.0-4-amd64
Encontrada imagen de memoria inicial: /boot/initrd.img-3.16.0-4-amd64
Encontrada imagen de linux: /boot/vmlinuz-3.16.0-4-amd64
Encontrada imagen de memoria inicial: /boot/initrd.img-3.16.0-4-amd64
Encontrada imagen de linux: /boot/vmlinuz-3.16.0-4-amd64
Encontrada imagen de memoria inicial: /boot/initrd.img-3.16.0-4-amd64
hecho
root@deimos:~# 



Reboot:

Comprobar con xl dmesg:

...
(XEN) Dom0 has maximum 4 VCPUs
(XEN) Scrubbing Free RAM: .done.
(XEN) Initial low memory virq threshold set at 0x4000 pages.
(XEN) Std. Loglevel: Errors and warnings
(XEN) Guest Loglevel: Nothing (Rate-limited: Errors and warnings)
(XEN) Xen is relinquishing VGA console.
(XEN) *** Serial input -> DOM0 (type 'CTRL-a' three times to switch input to Xen)
(XEN) Freed 284kB init memory.
root@deimos:~# 

OK

------------------------------

Ahora configurar XEN:

Modificar /etc/xen/lx.conf descomentando y cambiando la opcion:

En la linea 24 dscomentar:

vif.default.backend="0"

En la linea 34 insertar:

vif.default.bridge="br0"

Guardar y salir

Crear directorio /etc/xen/auto

mkdir /etc/xen/auto


Reboot

*- Preparar almacenamiento para máquina Openfiler:

root@deimos:~# apt-get install lvm2
Leyendo lista de paquetes... Hecho
Creando árbol de dependencias       
Leyendo la información de estado... Hecho
Se instalarán los siguientes paquetes extras:
  dmeventd libdevmapper-event1.02.1 liblvm2cmd2.02 libreadline5
Paquetes sugeridos:
  thin-provisioning-tools
Se instalarán los siguientes paquetes NUEVOS:
  dmeventd libdevmapper-event1.02.1 liblvm2cmd2.02 libreadline5 lvm2
0 actualizados, 5 nuevos se instalarán, 0 para eliminar y 1 no actualizados.
Se necesita descargar 1.471 kB de archivos.
Se utilizarán 3.537 kB de espacio de disco adicional después de esta operación.
¿Desea continuar? [S/n]

root@deimos:~# pvcreate /dev/md1
  Physical volume "/dev/md1" successfully created
root@deimos:~#

root@deimos:~# pvscan
  PV /dev/md1         lvm2 [260,65 GiB]
  Total: 1 [260,65 GiB] / in use: 0 [0   ] / in no VG: 1 [260,65 GiB]
root@deimos:~# 


vgcreate vg0 /dev/md1

root@deimos:~# vgcreate vg0 /dev/md1
  /proc/devices: No entry for device-mapper found
  Volume group "vg0" successfully created
root@deimos:~#

root@deimos:~# pvdisplay
  --- Physical volume ---
  PV Name               /dev/md1
  VG Name               vg0
  PV Size               260,65 GiB / not usable 0   
  Allocatable           yes 
  PE Size               4,00 MiB
  Total PE              66725
  Free PE               66725
  Allocated PE          0
  PV UUID               Dfogiz-Hpmd-stLu-9agr-M7IH-PbX0-Kxgfib
   
root@deimos:~# 

root@deimos:~# vgdisplay
  --- Volume group ---
  VG Name               vg0
  System ID             
  Format                lvm2
  Metadata Areas        1
  Metadata Sequence No  1
  VG Access             read/write
  VG Status             resizable
  MAX LV                0
  Cur LV                0
  Open LV               0
  Max PV                0
  Cur PV                1
  Act PV                1
  VG Size               260,64 GiB
  PE Size               4,00 MiB
  Total PE              66725
  Alloc PE / Size       0 / 0   
  Free  PE / Size       66725 / 260,64 GiB
  VG UUID               68opEr-SyEq-MJB0-j32S-0SWt-gyU0-Hcp8Z3
   
root@deimos:~# 

lvcreate -L 100G -n vdeimos-root vg0

root@deimos:/etc/xen# lvcreate -L 100G -n vdeimos-root vg0
  Logical volume "vdeimos-root" created
root@deimos:/etc/xen#

lvcreate -L 2G -n vdeimos-swap vg0

root@deimos:/etc/xen# lvcreate -L 2G -n vdeimos-swap vg0
  Logical volume "vdeimos-swap" created
root@deimos:/etc/xen# 

root@deimos:/etc/xen# lvscan
  ACTIVE            '/dev/vg0/vdeimos-root' [100,00 GiB] inherit
  ACTIVE            '/dev/vg0/vdeimos-swap' [2,00 GiB] inherit
root@deimos:/etc/xen#

-----

Ahora crear el RAID 5 para el NAS/Openfiler:

Creando el raid:

mdadm --create --verbose /dev/md4 --level=5 --raid-devices=6 /dev/sdb1 /dev/sdc1 /dev/sdd1 /dev/sdf1 /dev/sdg1 /dev/sdh1



---
*- Preparar XEN-TOOLS para crear máquinas Linux:

cd /etc/xen-tools

nano xen-tools.conf

lvm = vg0

En la sección "Disk and Sizing options" personalizar:

size   = 100Gb      # Disk image size.
memory = 4Gb    # Memory size
swap   = 1Gb    # Swap size

En la seccion "Networking setup values", descomentar y personalizar:

gateway    = 192.168.7.131
netmask    = 255.255.255.0
broadcast  = 192.168.7.255

Buscar y comentar la sgte. linea:

mirror = `xt-guess-suite-and-mirror --mirror`

comentarla y agregar:

mirror = http://ftp.cl.debian.org/debian/

Lista las opciones básicas:

Fin de esta etapa, ahora preparar e instalar Openfiler 2.33
